[0.006s] Invoking command in '/home/marconipavan/evtol/dev/src/drone_lib/build/drone_lib': CMAKE_PREFIX_PATH=/opt/ros/humble /usr/bin/cmake /home/marconipavan/evtol/dev/src/drone_lib -DCMAKE_INSTALL_PREFIX=/home/marconipavan/evtol/dev/src/drone_lib/install/drone_lib
[0.095s] -- The C compiler identification is GNU 11.4.0
[0.139s] -- The CXX compiler identification is GNU 11.4.0
[0.144s] -- Detecting C compiler ABI info
[0.193s] -- Detecting C compiler ABI info - done
[0.199s] -- Check for working C compiler: /usr/bin/cc - skipped
[0.200s] -- Detecting C compile features
[0.201s] -- Detecting C compile features - done
[0.204s] -- Detecting CXX compiler ABI info
[0.261s] -- Detecting CXX compiler ABI info - done
[0.265s] -- Check for working CXX compiler: /usr/bin/c++ - skipped
[0.265s] -- Detecting CXX compile features
[0.265s] -- Detecting CXX compile features - done
[0.275s] -- Found ament_cmake: 1.3.12 (/opt/ros/humble/share/ament_cmake/cmake)
[0.520s] -- Found Python3: /usr/bin/python3 (found version "3.10.12") found components: Interpreter 
[0.575s] -- Found eigen3_cmake_module: 0.1.1 (/opt/ros/humble/share/eigen3_cmake_module/cmake)
[0.579s] -- Found Eigen3: TRUE (found version "3.4.0") 
[0.585s] CMake Error at CMakeLists.txt:12 (find_package):
[0.585s]   By not providing "Findpx4_msgs.cmake" in CMAKE_MODULE_PATH this project has
[0.585s]   asked CMake to find a package configuration file provided by "px4_msgs",
[0.585s]   but CMake did not find one.
[0.585s] 
[0.585s]   Could not find a package configuration file provided by "px4_msgs" with any
[0.585s]   of the following names:
[0.585s] 
[0.586s]     px4_msgsConfig.cmake
[0.586s]     px4_msgs-config.cmake
[0.586s] 
[0.586s]   Add the installation prefix of "px4_msgs" to CMAKE_PREFIX_PATH or set
[0.586s]   "px4_msgs_DIR" to a directory containing one of the above files.  If
[0.586s]   "px4_msgs" provides a separate development package or SDK, be sure it has
[0.586s]   been installed.
[0.586s] 
[0.586s] 
[0.586s] -- Configuring incomplete, errors occurred!
[0.586s] See also "/home/marconipavan/evtol/dev/src/drone_lib/build/drone_lib/CMakeFiles/CMakeOutput.log".
[0.587s] Invoked command in '/home/marconipavan/evtol/dev/src/drone_lib/build/drone_lib' returned '1': CMAKE_PREFIX_PATH=/opt/ros/humble /usr/bin/cmake /home/marconipavan/evtol/dev/src/drone_lib -DCMAKE_INSTALL_PREFIX=/home/marconipavan/evtol/dev/src/drone_lib/install/drone_lib
