[0.065s] DEBUG:colcon:Command line arguments: ['/usr/bin/colcon', 'build', '--packages-select', 'drone_lib', '--executor', 'sequential']
[0.065s] DEBUG:colcon:Parsed command line arguments: Namespace(log_base=None, log_level=None, verb_name='build', build_base='build', install_base='install', merge_install=False, symlink_install=False, test_result_base=None, continue_on_error=False, executor='sequential', parallel_workers=12, event_handlers=None, ignore_user_meta=False, metas=['./colcon.meta'], base_paths=['.'], packages_ignore=None, packages_ignore_regex=None, paths=None, packages_up_to=None, packages_up_to_regex=None, packages_above=None, packages_above_and_dependencies=None, packages_above_depth=None, packages_select_by_dep=None, packages_skip_by_dep=None, packages_skip_up_to=None, packages_select_build_failed=False, packages_skip_build_finished=False, packages_select_test_failures=False, packages_skip_test_passed=False, packages_select=['drone_lib'], packages_skip=None, packages_select_regex=None, packages_skip_regex=None, packages_start=None, packages_end=None, allow_overriding=[], cmake_args=None, cmake_target=None, cmake_target_skip_unavailable=False, cmake_clean_cache=False, cmake_clean_first=False, cmake_force_configure=False, ament_cmake_args=None, catkin_cmake_args=None, catkin_skip_building_tests=False, mixin_files=None, mixin=None, verb_parser=<colcon_mixin.mixin.mixin_argument.MixinArgumentDecorator object at 0x777f39aa9f60>, verb_extension=<colcon_core.verb.build.BuildVerb object at 0x777f39aa98d0>, main=<bound method BuildVerb.main of <colcon_core.verb.build.BuildVerb object at 0x777f39aa98d0>>, mixin_verb=('build',))
[0.090s] Level 1:colcon.colcon_core.package_discovery:discover_packages(colcon_meta) check parameters
[0.090s] Level 1:colcon.colcon_core.package_discovery:discover_packages(recursive) check parameters
[0.090s] Level 1:colcon.colcon_core.package_discovery:discover_packages(ignore) check parameters
[0.090s] Level 1:colcon.colcon_core.package_discovery:discover_packages(path) check parameters
[0.090s] Level 1:colcon.colcon_core.package_discovery:discover_packages(colcon_meta) discover
[0.090s] Level 1:colcon.colcon_core.package_discovery:discover_packages(recursive) discover
[0.090s] INFO:colcon.colcon_core.package_discovery:Crawling recursively for packages in '/home/marconipavan/evtol/dev/src/drone_lib'
[0.091s] Level 1:colcon.colcon_core.package_identification:_identify(.) by extensions ['ignore', 'ignore_ament_install']
[0.091s] Level 1:colcon.colcon_core.package_identification:_identify(.) by extension 'ignore'
[0.091s] Level 1:colcon.colcon_core.package_identification:_identify(.) by extension 'ignore_ament_install'
[0.091s] Level 1:colcon.colcon_core.package_identification:_identify(.) by extensions ['colcon_pkg']
[0.091s] Level 1:colcon.colcon_core.package_identification:_identify(.) by extension 'colcon_pkg'
[0.091s] Level 1:colcon.colcon_core.package_identification:_identify(.) by extensions ['colcon_meta']
[0.091s] Level 1:colcon.colcon_core.package_identification:_identify(.) by extension 'colcon_meta'
[0.091s] Level 1:colcon.colcon_core.package_identification:_identify(.) by extensions ['ros']
[0.091s] Level 1:colcon.colcon_core.package_identification:_identify(.) by extension 'ros'
[0.109s] DEBUG:colcon.colcon_core.package_identification:Package '.' with type 'ros.ament_cmake' and name 'drone_lib'
[0.110s] Level 1:colcon.colcon_core.package_discovery:discover_packages(recursive) using defaults
[0.110s] Level 1:colcon.colcon_core.package_discovery:discover_packages(ignore) discover
[0.110s] Level 1:colcon.colcon_core.package_discovery:discover_packages(ignore) using defaults
[0.110s] Level 1:colcon.colcon_core.package_discovery:discover_packages(path) discover
[0.110s] Level 1:colcon.colcon_core.package_discovery:discover_packages(path) using defaults
[0.121s] Level 1:colcon.colcon_core.package_discovery:discover_packages(prefix_path) check parameters
[0.121s] Level 1:colcon.colcon_core.package_discovery:discover_packages(prefix_path) discover
[0.123s] DEBUG:colcon.colcon_installed_package_information.package_discovery:Found 285 installed packages in /opt/ros/humble
[0.123s] Level 1:colcon.colcon_core.package_discovery:discover_packages(prefix_path) using defaults
[0.149s] Level 5:colcon.colcon_core.verb:set package 'drone_lib' build argument 'cmake_args' from command line to 'None'
[0.149s] Level 5:colcon.colcon_core.verb:set package 'drone_lib' build argument 'cmake_target' from command line to 'None'
[0.149s] Level 5:colcon.colcon_core.verb:set package 'drone_lib' build argument 'cmake_target_skip_unavailable' from command line to 'False'
[0.149s] Level 5:colcon.colcon_core.verb:set package 'drone_lib' build argument 'cmake_clean_cache' from command line to 'False'
[0.149s] Level 5:colcon.colcon_core.verb:set package 'drone_lib' build argument 'cmake_clean_first' from command line to 'False'
[0.149s] Level 5:colcon.colcon_core.verb:set package 'drone_lib' build argument 'cmake_force_configure' from command line to 'False'
[0.149s] Level 5:colcon.colcon_core.verb:set package 'drone_lib' build argument 'ament_cmake_args' from command line to 'None'
[0.149s] Level 5:colcon.colcon_core.verb:set package 'drone_lib' build argument 'catkin_cmake_args' from command line to 'None'
[0.149s] Level 5:colcon.colcon_core.verb:set package 'drone_lib' build argument 'catkin_skip_building_tests' from command line to 'False'
[0.149s] DEBUG:colcon.colcon_core.verb:Building package 'drone_lib' with the following arguments: {'ament_cmake_args': None, 'build_base': '/home/marconipavan/evtol/dev/src/drone_lib/build/drone_lib', 'catkin_cmake_args': None, 'catkin_skip_building_tests': False, 'cmake_args': None, 'cmake_clean_cache': False, 'cmake_clean_first': False, 'cmake_force_configure': False, 'cmake_target': None, 'cmake_target_skip_unavailable': False, 'install_base': '/home/marconipavan/evtol/dev/src/drone_lib/install/drone_lib', 'merge_install': False, 'path': '/home/marconipavan/evtol/dev/src/drone_lib', 'symlink_install': False, 'test_result_base': None}
[0.149s] INFO:colcon.colcon_core.executor:Executing jobs using 'sequential' executor
[0.150s] DEBUG:colcon.colcon_core.executor.sequential:run_until_complete 'drone_lib'
[0.150s] INFO:colcon.colcon_ros.task.ament_cmake.build:Building ROS package in '/home/marconipavan/evtol/dev/src/drone_lib' with build type 'ament_cmake'
[0.150s] INFO:colcon.colcon_cmake.task.cmake.build:Building CMake package in '/home/marconipavan/evtol/dev/src/drone_lib'
[0.151s] INFO:colcon.colcon_core.plugin_system:Skipping extension 'colcon_core.shell.bat': Not used on non-Windows systems
[0.151s] INFO:colcon.colcon_core.shell:Skip shell extension 'powershell' for command environment: Not usable outside of PowerShell
[0.151s] DEBUG:colcon.colcon_core.shell:Skip shell extension 'dsv' for command environment
[0.157s] DEBUG:colcon.colcon_core.event_handler.log_command:Invoking command in '/home/marconipavan/evtol/dev/src/drone_lib/build/drone_lib': CMAKE_PREFIX_PATH=/opt/ros/humble /usr/bin/cmake /home/marconipavan/evtol/dev/src/drone_lib -DCMAKE_INSTALL_PREFIX=/home/marconipavan/evtol/dev/src/drone_lib/install/drone_lib
[0.738s] DEBUG:colcon.colcon_core.event_handler.log_command:Invoked command in '/home/marconipavan/evtol/dev/src/drone_lib/build/drone_lib' returned '1': CMAKE_PREFIX_PATH=/opt/ros/humble /usr/bin/cmake /home/marconipavan/evtol/dev/src/drone_lib -DCMAKE_INSTALL_PREFIX=/home/marconipavan/evtol/dev/src/drone_lib/install/drone_lib
[0.746s] Level 1:colcon.colcon_core.environment:create_environment_scripts_only(drone_lib)
[0.748s] Level 1:colcon.colcon_core.environment:checking '/home/marconipavan/evtol/dev/src/drone_lib/install/drone_lib' for CMake module files
[0.748s] Level 1:colcon.colcon_core.environment:checking '/home/marconipavan/evtol/dev/src/drone_lib/install/drone_lib' for CMake config files
[0.748s] Level 1:colcon.colcon_core.environment:checking '/home/marconipavan/evtol/dev/src/drone_lib/install/drone_lib/bin'
[0.748s] Level 1:colcon.colcon_core.environment:checking '/home/marconipavan/evtol/dev/src/drone_lib/install/drone_lib/lib/pkgconfig/drone_lib.pc'
[0.749s] Level 1:colcon.colcon_core.environment:checking '/home/marconipavan/evtol/dev/src/drone_lib/install/drone_lib/lib/python3.10/site-packages'
[0.749s] Level 1:colcon.colcon_core.environment:checking '/home/marconipavan/evtol/dev/src/drone_lib/install/drone_lib/bin'
[0.749s] INFO:colcon.colcon_core.shell:Creating package script '/home/marconipavan/evtol/dev/src/drone_lib/install/drone_lib/share/drone_lib/package.ps1'
[0.750s] INFO:colcon.colcon_core.shell:Creating package descriptor '/home/marconipavan/evtol/dev/src/drone_lib/install/drone_lib/share/drone_lib/package.dsv'
[0.750s] INFO:colcon.colcon_core.shell:Creating package script '/home/marconipavan/evtol/dev/src/drone_lib/install/drone_lib/share/drone_lib/package.sh'
[0.750s] INFO:colcon.colcon_core.shell:Creating package script '/home/marconipavan/evtol/dev/src/drone_lib/install/drone_lib/share/drone_lib/package.bash'
[0.751s] INFO:colcon.colcon_core.shell:Creating package script '/home/marconipavan/evtol/dev/src/drone_lib/install/drone_lib/share/drone_lib/package.zsh'
[0.751s] Level 1:colcon.colcon_core.environment:create_file_with_runtime_dependencies(/home/marconipavan/evtol/dev/src/drone_lib/install/drone_lib/share/colcon-core/packages/drone_lib)
[0.751s] DEBUG:colcon.colcon_core.executor.sequential:run_until_complete 'drone_lib' finished with '1'
[0.751s] DEBUG:colcon.colcon_core.executor.sequential:closing loop
[0.751s] DEBUG:colcon.colcon_core.executor.sequential:loop closed
[0.751s] DEBUG:colcon.colcon_core.event_reactor:joining thread
[0.756s] INFO:colcon.colcon_core.plugin_system:Skipping extension 'colcon_notification.desktop_notification.terminal_notifier': Not used on non-Darwin systems
[0.756s] INFO:colcon.colcon_core.plugin_system:Skipping extension 'colcon_notification.desktop_notification.win32': Not used on non-Windows systems
[0.756s] INFO:colcon.colcon_notification.desktop_notification:Sending desktop notification using 'notify2'
[0.762s] DEBUG:colcon.colcon_core.event_reactor:joined thread
[0.762s] INFO:colcon.colcon_core.shell:Creating prefix script '/home/marconipavan/evtol/dev/src/drone_lib/install/local_setup.ps1'
[0.763s] INFO:colcon.colcon_core.shell:Creating prefix util module '/home/marconipavan/evtol/dev/src/drone_lib/install/_local_setup_util_ps1.py'
[0.763s] INFO:colcon.colcon_core.shell:Creating prefix chain script '/home/marconipavan/evtol/dev/src/drone_lib/install/setup.ps1'
[0.764s] INFO:colcon.colcon_core.shell:Creating prefix script '/home/marconipavan/evtol/dev/src/drone_lib/install/local_setup.sh'
[0.764s] INFO:colcon.colcon_core.shell:Creating prefix util module '/home/marconipavan/evtol/dev/src/drone_lib/install/_local_setup_util_sh.py'
[0.764s] INFO:colcon.colcon_core.shell:Creating prefix chain script '/home/marconipavan/evtol/dev/src/drone_lib/install/setup.sh'
[0.765s] INFO:colcon.colcon_core.shell:Creating prefix script '/home/marconipavan/evtol/dev/src/drone_lib/install/local_setup.bash'
[0.765s] INFO:colcon.colcon_core.shell:Creating prefix chain script '/home/marconipavan/evtol/dev/src/drone_lib/install/setup.bash'
[0.765s] INFO:colcon.colcon_core.shell:Creating prefix script '/home/marconipavan/evtol/dev/src/drone_lib/install/local_setup.zsh'
[0.765s] INFO:colcon.colcon_core.shell:Creating prefix chain script '/home/marconipavan/evtol/dev/src/drone_lib/install/setup.zsh'
